
> trello-clone@0.0.0 build
> ng build

- Building...

Initial chunk files   | Names               |  Raw size | Estimated transfer size
chunk-BGEZK4XN.js     | -                   | 255.97 kB |                68.56 kB
chunk-2XHB5AUR.js     | -                   |  48.96 kB |                10.88 kB
chunk-DVBF6PBV.js     | -                   |  44.80 kB |                 9.72 kB
styles-5RSLYGFH.css   | styles              |  40.87 kB |                 6.49 kB
chunk-V57A2YQY.js     | -                   |  34.37 kB |                 7.26 kB
polyfills-FFHMD2TL.js | polyfills           |  33.71 kB |                11.02 kB
main-R2LS5LVJ.js      | main                |  11.94 kB |                 3.36 kB
chunk-I3S4NRWG.js     | -                   |   5.73 kB |                 1.65 kB
chunk-HQSRIJHO.js     | -                   |   2.13 kB |               738 bytes
chunk-Y7QZ7UMH.js     | -                   | 947 bytes |               947 bytes
chunk-DCPXT42N.js     | -                   | 412 bytes |               412 bytes

                      | Initial total       | 479.81 kB |               120.99 kB

Lazy chunk files      | Names               |  Raw size | Estimated transfer size
chunk-QVQAANTX.js     | board-component     |  90.88 kB |                20.60 kB
chunk-UTJTF4O6.js     | sign-up-component   |  21.53 kB |                 5.57 kB
chunk-77E6J64G.js     | login-component     |  10.57 kB |                 3.53 kB
chunk-33BUSA3M.js     | workspace-component |  10.09 kB |                 3.14 kB
chunk-Z7HP4TWV.js     | boards-component    |   3.19 kB |                 1.27 kB
chunk-WBRIKYJB.js     | home-component      |   2.82 kB |                 1.16 kB
chunk-WCZQICHG.js     | -                   |   2.43 kB |               941 bytes
chunk-KNIHKO6T.js     | -                   | 929 bytes |               929 bytes
chunk-2EFS7CCV.js     | -                   | 848 bytes |               848 bytes

Application bundle generation failed. [7.983 seconds]

▲ [WARNING] src/app/pages/auth/sign-up/sign-up.component.css exceeded maximum budget. Budget 2.00 kB was not met by 7.57 kB with a total of 9.57 kB.


▲ [WARNING] 3 rules skipped due to selector errors:
  .has-\[\:checked\]\:border-l-2:has() -> Empty sub-selector
  .has-\[\:checked\]\:border-cc-accent:has() -> Empty sub-selector
  .has-\[\:checked\]\:bg-cc-accent-muted:has() -> Empty sub-selector


X [ERROR] src/app/pages/auth/sign-up/sign-up.component.css exceeded maximum budget. Budget 4.00 kB was not met by 5.57 kB with a total of 9.57 kB.


